// Jest Snapshot v1, https://goo.gl/fbAQLP

exports[`tests for the main result component ResultsComponent snapshot is rendered properly. 1`] = `
Object {
  "asFragment": [Function],
  "baseElement": <body>
    <div>
      <section
        id="results-page"
      >
        <h1
          class="withRouter(ResultsComponent)-title-1"
        >
          Typescript Plagiarism Detector – Results
        </h1>
        <div
          class="MuiGrid-root MuiGrid-container MuiGrid-spacing-xs-1 MuiGrid-justify-xs-space-evenly"
        >
          <div
            class="MuiGrid-root MuiGrid-item MuiGrid-grid-xs-2"
          >
            <h3
              id="percentage"
            >
              <strong>
                0
                % plagiarized
              </strong>
            </h3>
            <h3>
              Result
            </h3>
            <div
              class="ResultsInformationColumn-column-2"
              id="message-root"
            >
              <div
                class="ResultsInformationColumn-startMessage-3"
                id="results-info-message"
              >
                Please select a portion of highlighted code to view more details!
              </div>
            </div>
            <a
              aria-disabled="false"
              class="MuiButtonBase-root MuiButton-root MuiButton-contained back-button MuiButton-containedPrimary"
              href="/"
              role="button"
              tabindex="0"
            >
              <span
                class="MuiButton-label"
              >
                Back
              </span>
              <span
                class="MuiTouchRipple-root"
              />
            </a>
          </div>
        </div>
      </section>
    </div>
  </body>,
  "container": <div>
    <section
      id="results-page"
    >
      <h1
        class="withRouter(ResultsComponent)-title-1"
      >
        Typescript Plagiarism Detector – Results
      </h1>
      <div
        class="MuiGrid-root MuiGrid-container MuiGrid-spacing-xs-1 MuiGrid-justify-xs-space-evenly"
      >
        <div
          class="MuiGrid-root MuiGrid-item MuiGrid-grid-xs-2"
        >
          <h3
            id="percentage"
          >
            <strong>
              0
              % plagiarized
            </strong>
          </h3>
          <h3>
            Result
          </h3>
          <div
            class="ResultsInformationColumn-column-2"
            id="message-root"
          >
            <div
              class="ResultsInformationColumn-startMessage-3"
              id="results-info-message"
            >
              Please select a portion of highlighted code to view more details!
            </div>
          </div>
          <a
            aria-disabled="false"
            class="MuiButtonBase-root MuiButton-root MuiButton-contained back-button MuiButton-containedPrimary"
            href="/"
            role="button"
            tabindex="0"
          >
            <span
              class="MuiButton-label"
            >
              Back
            </span>
            <span
              class="MuiTouchRipple-root"
            />
          </a>
        </div>
      </div>
    </section>
  </div>,
  "debug": [Function],
  "findAllByAltText": [Function],
  "findAllByDisplayValue": [Function],
  "findAllByLabelText": [Function],
  "findAllByPlaceholderText": [Function],
  "findAllByRole": [Function],
  "findAllByTestId": [Function],
  "findAllByText": [Function],
  "findAllByTitle": [Function],
  "findByAltText": [Function],
  "findByDisplayValue": [Function],
  "findByLabelText": [Function],
  "findByPlaceholderText": [Function],
  "findByRole": [Function],
  "findByTestId": [Function],
  "findByText": [Function],
  "findByTitle": [Function],
  "getAllByAltText": [Function],
  "getAllByDisplayValue": [Function],
  "getAllByLabelText": [Function],
  "getAllByPlaceholderText": [Function],
  "getAllByRole": [Function],
  "getAllByTestId": [Function],
  "getAllByText": [Function],
  "getAllByTitle": [Function],
  "getByAltText": [Function],
  "getByDisplayValue": [Function],
  "getByLabelText": [Function],
  "getByPlaceholderText": [Function],
  "getByRole": [Function],
  "getByTestId": [Function],
  "getByText": [Function],
  "getByTitle": [Function],
  "queryAllByAltText": [Function],
  "queryAllByDisplayValue": [Function],
  "queryAllByLabelText": [Function],
  "queryAllByPlaceholderText": [Function],
  "queryAllByRole": [Function],
  "queryAllByTestId": [Function],
  "queryAllByText": [Function],
  "queryAllByTitle": [Function],
  "queryByAltText": [Function],
  "queryByDisplayValue": [Function],
  "queryByLabelText": [Function],
  "queryByPlaceholderText": [Function],
  "queryByRole": [Function],
  "queryByTestId": [Function],
  "queryByText": [Function],
  "queryByTitle": [Function],
  "rerender": [Function],
  "unmount": [Function],
}
`;
