// Jest Snapshot v1, https://goo.gl/fbAQLP

exports[`should render results code list correctly with given fields 1`] = `
Object {
  "asFragment": [Function],
  "baseElement": <body>
    <div>
      <div
        class="ResultsCodeList-list-1"
      >
        <ul
          class="MuiList-root"
        >
          <div
            aria-disabled="false"
            class="MuiButtonBase-root MuiListItem-root ResultsCodeList-button-3 MuiListItem-gutters MuiListItem-button"
            role="button"
            tabindex="0"
          >
            <div
              class="MuiListItemText-root"
            >
              <span
                class="MuiTypography-root MuiListItemText-primary ResultsCodeList-listText-2 MuiTypography-body1 MuiTypography-displayBlock"
              >
                cool.ts
              </span>
            </div>
            <span
              class="MuiTouchRipple-root"
            />
          </div>
          <div
            aria-disabled="false"
            class="MuiButtonBase-root MuiListItem-root ResultsCodeList-button-3 MuiListItem-gutters MuiListItem-button"
            role="button"
            tabindex="0"
          >
            <div
              class="MuiListItemText-root"
            >
              <span
                class="MuiTypography-root MuiListItemText-primary ResultsCodeList-listText-2 MuiTypography-body1 MuiTypography-displayBlock"
              >
                coolio.ts
              </span>
            </div>
            <span
              class="MuiTouchRipple-root"
            />
          </div>
        </ul>
      </div>
    </div>
  </body>,
  "container": <div>
    <div
      class="ResultsCodeList-list-1"
    >
      <ul
        class="MuiList-root"
      >
        <div
          aria-disabled="false"
          class="MuiButtonBase-root MuiListItem-root ResultsCodeList-button-3 MuiListItem-gutters MuiListItem-button"
          role="button"
          tabindex="0"
        >
          <div
            class="MuiListItemText-root"
          >
            <span
              class="MuiTypography-root MuiListItemText-primary ResultsCodeList-listText-2 MuiTypography-body1 MuiTypography-displayBlock"
            >
              cool.ts
            </span>
          </div>
          <span
            class="MuiTouchRipple-root"
          />
        </div>
        <div
          aria-disabled="false"
          class="MuiButtonBase-root MuiListItem-root ResultsCodeList-button-3 MuiListItem-gutters MuiListItem-button"
          role="button"
          tabindex="0"
        >
          <div
            class="MuiListItemText-root"
          >
            <span
              class="MuiTypography-root MuiListItemText-primary ResultsCodeList-listText-2 MuiTypography-body1 MuiTypography-displayBlock"
            >
              coolio.ts
            </span>
          </div>
          <span
            class="MuiTouchRipple-root"
          />
        </div>
      </ul>
    </div>
  </div>,
  "debug": [Function],
  "findAllByAltText": [Function],
  "findAllByDisplayValue": [Function],
  "findAllByLabelText": [Function],
  "findAllByPlaceholderText": [Function],
  "findAllByRole": [Function],
  "findAllByTestId": [Function],
  "findAllByText": [Function],
  "findAllByTitle": [Function],
  "findByAltText": [Function],
  "findByDisplayValue": [Function],
  "findByLabelText": [Function],
  "findByPlaceholderText": [Function],
  "findByRole": [Function],
  "findByTestId": [Function],
  "findByText": [Function],
  "findByTitle": [Function],
  "getAllByAltText": [Function],
  "getAllByDisplayValue": [Function],
  "getAllByLabelText": [Function],
  "getAllByPlaceholderText": [Function],
  "getAllByRole": [Function],
  "getAllByTestId": [Function],
  "getAllByText": [Function],
  "getAllByTitle": [Function],
  "getByAltText": [Function],
  "getByDisplayValue": [Function],
  "getByLabelText": [Function],
  "getByPlaceholderText": [Function],
  "getByRole": [Function],
  "getByTestId": [Function],
  "getByText": [Function],
  "getByTitle": [Function],
  "queryAllByAltText": [Function],
  "queryAllByDisplayValue": [Function],
  "queryAllByLabelText": [Function],
  "queryAllByPlaceholderText": [Function],
  "queryAllByRole": [Function],
  "queryAllByTestId": [Function],
  "queryAllByText": [Function],
  "queryAllByTitle": [Function],
  "queryByAltText": [Function],
  "queryByDisplayValue": [Function],
  "queryByLabelText": [Function],
  "queryByPlaceholderText": [Function],
  "queryByRole": [Function],
  "queryByTestId": [Function],
  "queryByText": [Function],
  "queryByTitle": [Function],
  "rerender": [Function],
  "unmount": [Function],
}
`;
